ARM Linker, 4.1 [Build 481] [Standard]

==============================================================================

Section Cross References

    main.o(i.SYS_Init) refers to sys.o(i.SYS_UnlockReg) for SYS_UnlockReg
    main.o(i.SYS_Init) refers to clk.o(i.CLK_EnableXtalRC) for CLK_EnableXtalRC
    main.o(i.SYS_Init) refers to clk.o(i.CLK_WaitClockReady) for CLK_WaitClockReady
    main.o(i.SYS_Init) refers to clk.o(i.CLK_SetHCLK) for CLK_SetHCLK
    main.o(i.SYS_Init) refers to system_nuc472_442.o(i.SystemCoreClockUpdate) for SystemCoreClockUpdate
    main.o(i.SYS_Init) refers to main.o(i.SetSysTick) for SetSysTick
    main.o(i.SetSysTick) refers to system_nuc472_442.o(.data) for CyclesPerUs
    main.o(i.SysTick_Handler) refers to irq.o(i.rt_interrupt_enter) for rt_interrupt_enter
    main.o(i.SysTick_Handler) refers to clock.o(i.rt_tick_increase) for rt_tick_increase
    main.o(i.SysTick_Handler) refers to irq.o(i.rt_interrupt_leave) for rt_interrupt_leave
    main.o(i.SysTick_Handler) refers to main.o(.data) for LocalTime
    usart.o(i.Usart_Init) refers to clk.o(i.CLK_EnableModuleClock) for CLK_EnableModuleClock
    usart.o(i.Usart_Init) refers to clk.o(i.CLK_SetModuleClock) for CLK_SetModuleClock
    usart.o(i.Usart_Init) refers to gpio.o(i.GPIO_SetMode) for GPIO_SetMode
    usart.o(i.Usart_Init) refers to uart.o(i.UART_Open) for UART_Open
    usart.o(i.Usart_Init) refers to uart.o(i.UART_Write) for UART_Write
    config.o(i.ConfigHWSpiport) refers to clk.o(i.CLK_EnableModuleClock) for CLK_EnableModuleClock
    config.o(i.ConfigHWSpiport) refers to spi.o(i.SPI_Open) for SPI_Open
    config.o(i.ConfigHWSpiport) refers to spi.o(i.SPI_DisableAutoSS) for SPI_DisableAutoSS
    config.o(i.ConfigHWSpiport) refers to gpio.o(i.GPIO_SetMode) for GPIO_SetMode
    config.o(i.ConfigHWled) refers to gpio.o(i.GPIO_SetMode) for GPIO_SetMode
    config.o(i.SYS_Config) refers to ds12864.o(i.LCD_init) for LCD_init
    config.o(i.SYS_Config) refers to config.o(i.ConfigHWled) for ConfigHWled
    config.o(i.SYS_Config) refers to config.o(i.ConfigHWSpiport) for ConfigHWSpiport
    config.o(i.SYS_Config) refers to ade7878_int.o(i.Config_ADE7878_IRQ) for Config_ADE7878_IRQ
    config.o(i.SYS_Config) refers to weight.o(i.ConfigHWADCHX711) for ConfigHWADCHX711
    config.o(i.SYS_Config) refers to weight.o(i.ConfigSWTimr1) for ConfigSWTimr1
    config.o(i.SYS_Config) refers to weight.o(i.ConfigHWPwm0) for ConfigHWPwm0
    config.o(i.SYS_Config) refers to weight.o(i.ConfigHW_IR_IRQ) for ConfigHW_IR_IRQ
    ds12864.o(i.Display_Task) refers to ds12864.o(i.LCD_Setaddress) for LCD_Setaddress
    ds12864.o(i.Display_Task) refers to ds12864.o(i.print) for print
    ds12864.o(i.Display_Task) refers to ds12864.o(.data) for VRMS_ds12864
    ds12864.o(i.Init12864) refers to gpio.o(i.GPIO_SetMode) for GPIO_SetMode
    ds12864.o(i.LCD_Putstring) refers to ds12864.o(i.LCD_Setaddress) for LCD_Setaddress
    ds12864.o(i.LCD_Putstring) refers to ds12864.o(i.LCD_write_dat) for LCD_write_dat
    ds12864.o(i.LCD_Setaddress) refers to ds12864.o(i.LCD_write_com) for LCD_write_com
    ds12864.o(i.LCD_draw_clr) refers to ds12864.o(i.LCD_write_com) for LCD_write_com
    ds12864.o(i.LCD_draw_clr) refers to ds12864.o(i.LCD_write_dat) for LCD_write_dat
    ds12864.o(i.LCD_draw_point) refers to ds12864.o(i.LCD_write_com) for LCD_write_com
    ds12864.o(i.LCD_draw_point) refers to ds12864.o(i.LCD_write_dat) for LCD_write_dat
    ds12864.o(i.LCD_draw_word) refers to ds12864.o(i.LCD_write_com) for LCD_write_com
    ds12864.o(i.LCD_draw_word) refers to ds12864.o(i.LCD_write_dat) for LCD_write_dat
    ds12864.o(i.LCD_init) refers to ds12864.o(i.Init12864) for Init12864
    ds12864.o(i.LCD_init) refers to ds12864.o(i.LCD_write_com) for LCD_write_com
    ds12864.o(i.LCD_init) refers to ds12864.o(i.Delay_nms) for Delay_nms
    ds12864.o(i.LCD_write_com) refers to ds12864.o(i.LCD_sendbyte) for LCD_sendbyte
    ds12864.o(i.LCD_write_com) refers to ds12864.o(i.Delay_nms) for Delay_nms
    ds12864.o(i.LCD_write_com_clr) refers to ds12864.o(i.LCD_sendbyte) for LCD_sendbyte
    ds12864.o(i.LCD_write_dat) refers to ds12864.o(i.LCD_sendbyte) for LCD_sendbyte
    ds12864.o(i.LCD_write_dat) refers to ds12864.o(i.Delay_nms) for Delay_nms
    ds12864.o(i.Set_Irms2Display) refers to printfa.o(i.__0sprintf) for __2sprintf
    ds12864.o(i.Set_Irms2Display) refers to ds12864.o(i.LCD_write_com) for LCD_write_com
    ds12864.o(i.Set_Irms2Display) refers to ds12864.o(.data) for IRMS_ds12864
    ds12864.o(i.Set_Vrms2Display) refers to printfa.o(i.__0sprintf) for __2sprintf
    ds12864.o(i.Set_Vrms2Display) refers to ds12864.o(i.LCD_write_com) for LCD_write_com
    ds12864.o(i.Set_Vrms2Display) refers to ds12864.o(.data) for VRMS_ds12864
    ds12864.o(i.Set_Watt2Display) refers to printfa.o(i.__0sprintf) for __2sprintf
    ds12864.o(i.Set_Watt2Display) refers to ds12864.o(i.LCD_write_com) for LCD_write_com
    ds12864.o(i.Set_Watt2Display) refers to ds12864.o(.data) for WATT_ds12864
[...]
    i.rt_sem_init                            0x000041ec   Section        0  ipc.o(i.rt_sem_init)
    i.rt_sem_release                         0x00004220   Section        0  ipc.o(i.rt_sem_release)
    i.rt_sem_take                            0x00004274   Section        0  ipc.o(i.rt_sem_take)
    i.rt_show_version                        0x00004370   Section        0  kservice.o(i.rt_show_version)
    i.rt_strncpy                             0x00004372   Section        0  kservice.o(i.rt_strncpy)
    i.rt_system_heap_init                    0x000043a8   Section        0  mem.o(i.rt_system_heap_init)
    i.rt_system_object_init                  0x0000447c   Section        0  object.o(i.rt_system_object_init)
    i.rt_system_scheduler_init               0x00004480   Section        0  scheduler.o(i.rt_system_scheduler_init)
    i.rt_system_scheduler_start              0x000044d0   Section        0  scheduler.o(i.rt_system_scheduler_start)
    i.rt_system_tick_init                    0x00004500   Section        0  clock.o(i.rt_system_tick_init)
    i.rt_system_timer_init                   0x00004504   Section        0  timer.o(i.rt_system_timer_init)
    i.rt_system_timer_thread_init            0x00004520   Section        0  timer.o(i.rt_system_timer_thread_init)
    i.rt_thread_create                       0x00004522   Section        0  thread.o(i.rt_thread_create)
    i.rt_thread_delay                        0x00004576   Section        0  thread.o(i.rt_thread_delay)
    i.rt_thread_entry_PowerMeasurment        0x00004584   Section        0  application.o(i.rt_thread_entry_PowerMeasurment)
    rt_thread_entry_PowerMeasurment          0x00004585   Thumb Code    38  application.o(i.rt_thread_entry_PowerMeasurment)
    i.rt_thread_entry_Rs485comm              0x000045b0   Section        0  application.o(i.rt_thread_entry_Rs485comm)
    rt_thread_entry_Rs485comm                0x000045b1   Thumb Code    30  application.o(i.rt_thread_entry_Rs485comm)
    i.rt_thread_entry_Weight                 0x000045d4   Section        0  weight.o(i.rt_thread_entry_Weight)
    i.rt_thread_exit                         0x00004710   Section        0  thread.o(i.rt_thread_exit)
    rt_thread_exit                           0x00004711   Thumb Code    76  thread.o(i.rt_thread_exit)
    i.rt_thread_idle_entry                   0x00004764   Section        0  idle.o(i.rt_thread_idle_entry)
    rt_thread_idle_entry                     0x00004765   Thumb Code    20  idle.o(i.rt_thread_idle_entry)
    i.rt_thread_idle_excute                  0x0000477c   Section        0  idle.o(i.rt_thread_idle_excute)
    i.rt_thread_idle_init                    0x00004818   Section        0  idle.o(i.rt_thread_idle_init)
    i.rt_thread_init                         0x00004850   Section        0  thread.o(i.rt_thread_init)
    i.rt_thread_resume                       0x0000489a   Section        0  thread.o(i.rt_thread_resume)
    i.rt_thread_self                         0x000048e8   Section        0  thread.o(i.rt_thread_self)
    i.rt_thread_sleep                        0x000048f4   Section        0  thread.o(i.rt_thread_sleep)
    i.rt_thread_startup                      0x00004940   Section        0  thread.o(i.rt_thread_startup)
    i.rt_thread_suspend                      0x00004998   Section        0  thread.o(i.rt_thread_suspend)
    i.rt_thread_timeout                      0x000049da   Section        0  thread.o(i.rt_thread_timeout)
    i.rt_thread_yield                        0x00004a18   Section        0  thread.o(i.rt_thread_yield)
    i.rt_tick_get                            0x00004a78   Section        0  clock.o(i.rt_tick_get)
    i.rt_tick_increase                       0x00004a84   Section        0  clock.o(i.rt_tick_increase)
    i.rt_timer_check                         0x00004ab4   Section        0  timer.o(i.rt_timer_check)
    i.rt_timer_control                       0x00004b50   Section        0  timer.o(i.rt_timer_control)
    i.rt_timer_detach                        0x00004b96   Section        0  timer.o(i.rt_timer_detach)
    i.rt_timer_init                          0x00004bc2   Section        0  timer.o(i.rt_timer_init)
    i.rt_timer_start                         0x00004bfc   Section        0  timer.o(i.rt_timer_start)
    i.rt_timer_stop                          0x00004d1c   Section        0  timer.o(i.rt_timer_stop)
    i.rtthread_startup                       0x00004d70   Section        0  startup.o(i.rtthread_startup)
    i.ucMBMasterGetDestAddress               0x00004db0   Section        0  user_mb_app.o(i.ucMBMasterGetDestAddress)
    i.usMBCRC16                              0x00004db4   Section        0  mbcrc.o(i.usMBCRC16)
    i.vMBPortSerialEnable                    0x00004dec   Section        0  portserial.o(i.vMBPortSerialEnable)
    i.vMBPortTimersDisable                   0x00004e20   Section        0  porttimer.o(i.vMBPortTimersDisable)
    i.vMBPortTimersEnable                    0x00004e48   Section        0  porttimer.o(i.vMBPortTimersEnable)
    i.xMBMasterGetCBRunInMasterMode          0x00004e98   Section        0  user_mb_app.o(i.xMBMasterGetCBRunInMasterMode)
    i.xMBPortEventGet                        0x00004e9c   Section        0  portevent.o(i.xMBPortEventGet)
    i.xMBPortEventInit                       0x00004ec0   Section        0  portevent.o(i.xMBPortEventInit)
    i.xMBPortEventPost                       0x00004ed0   Section        0  portevent.o(i.xMBPortEventPost)
    i.xMBPortSerialGetByte                   0x00004ee8   Section        0  portserial.o(i.xMBPortSerialGetByte)
    i.xMBPortSerialInit                      0x00004ef8   Section        0  portserial.o(i.xMBPortSerialInit)
    i.xMBPortSerialPutByte                   0x00004fac   Section        0  portserial.o(i.xMBPortSerialPutByte)
    i.xMBPortTimersInit                      0x00004fbc   Section        0  porttimer.o(i.xMBPortTimersInit)
    i.xMBRTUReceiveFSM                       0x0000501c   Section        0  mbrtu.o(i.xMBRTUReceiveFSM)
    i.xMBRTUTimerT35Expired                  0x000050a4   Section        0  mbrtu.o(i.xMBRTUTimerT35Expired)
    i.xMBRTUTransmitFSM                      0x000050e4   Section        0  mbrtu.o(i.xMBRTUTransmitFSM)
    .constdata                               0x00005150   Section       32  uart.o(.constdata)
    .constdata                               0x00005170   Section       32  timer_nuc.o(.constdata)
    .constdata                               0x00005190   Section     1024  mbcrc.o(.constdata)
    aucCRCHi                                 0x00005190   Data         256  mbcrc.o(.constdata)
    aucCRCLo                                 0x00005290   Data         256  mbcrc.o(.constdata)
    ccitt_table                              0x00005390   Data         512  mbcrc.o(.constdata)
    .constdata                               0x00005590   Section      290  kservice.o(.constdata)
    small_digits                             0x00005690   Data          17  kservice.o(.constdata)
    large_digits                             0x000056a1   Data          17  kservice.o(.constdata)
    .data                                    0x20000000   Section       12  main.o(.data)
    u32EscapeFrame                           0x20000000   Data           4  main.o(.data)
    .data                                    0x2000000c   Section      108  ds12864.o(.data)
    u32EscapeFrame                           0x2000000c   Data           4  ds12864.o(.data)
    VRMS_ds12864                             0x20000018   Data          22  ds12864.o(.data)
    IRMS_ds12864                             0x2000002e   Data          22  ds12864.o(.data)
    WATT_ds12864                             0x20000044   Data          22  ds12864.o(.data)
    WATTHR_ds12864                           0x2000005a   Data          22  ds12864.o(.data)
    d                                        0x20000070   Data           1  ds12864.o(.data)
    b                                        0x20000071   Data           1  ds12864.o(.data)
    d                                        0x20000072   Data           1  ds12864.o(.data)
    b                                        0x20000073   Data           1  ds12864.o(.data)
    d                                        0x20000074   Data           1  ds12864.o(.data)
    b                                        0x20000075   Data           1  ds12864.o(.data)
    d                                        0x20000076   Data           1  ds12864.o(.data)
    b                                        0x20000077   Data           1  ds12864.o(.data)
    .data                                    0x20000078   Section       44  system_nuc472_442.o(.data)
    u32EscapeFrame                           0x20000078   Data           4  system_nuc472_442.o(.data)
    .data                                    0x200000a4   Section        5  ade7878_spi.o(.data)
    u32EscapeFrame                           0x200000a4   Data           4  ade7878_spi.o(.data)
    .data                                    0x200000ac   Section       44  ad7878_measure.o(.data)
    u32EscapeFrame                           0x200000ac   Data           4  ad7878_measure.o(.data)
    f                                        0x200000d1   Data           1  ad7878_measure.o(.data)
    i                                        0x200000d2   Data           1  ad7878_measure.o(.data)
    .data                                    0x200000d8   Section        2  portevent.o(.data)
    eQueuedEvent                             0x200000d8   Data           1  portevent.o(.data)
    xEventInQueue                            0x200000d9   Data           1  portevent.o(.data)
    .data                                    0x200000dc   Section       14  porttimer.o(.data)
    u32EscapeFrame                           0x200000dc   Data           4  porttimer.o(.data)
    MBTimerout50us                           0x200000e8   Data           2  porttimer.o(.data)
    .data                                    0x200000ea   Section       26  user_mb_app.o(.data)
    .data                                    0x20000104   Section       16  mbrtu.o(.data)
    u32EscapeFrame                           0x20000104   Data           4  mbrtu.o(.data)
    eSndState                                0x20000108   Data           1  mbrtu.o(.data)
    eRcvState                                0x20000109   Data           1  mbrtu.o(.data)
    pucSndBufferCur                          0x2000010c   Data           4  mbrtu.o(.data)
    usSndBufferCount                         0x20000110   Data           2  mbrtu.o(.data)
    usRcvBufferPos                           0x20000112   Data           2  mbrtu.o(.data)
    .data                                    0x20000114   Section        6  mbfuncother.o(.data)
    u32EscapeFrame                           0x20000114   Data           4  mbfuncother.o(.data)
    usMBSlaveIDLen                           0x20000118   Data           2  mbfuncother.o(.data)
    .data                                    0x2000011c   Section      184  mb.o(.data)
    eMBState                                 0x2000011c   Data           1  mb.o(.data)
    xFuncHandlers                            0x20000120   Data         128  mb.o(.data)
    ucMBFrame                                0x200001a0   Data           4  mb.o(.data)
    ucRcvAddress                             0x200001a4   Data           1  mb.o(.data)
    ucFunctionCode                           0x200001a5   Data           1  mb.o(.data)
    usLength                                 0x200001a6   Data           2  mb.o(.data)
    eException                               0x200001a8   Data           1  mb.o(.data)
    ucMBAddress                              0x200001a9   Data           1  mb.o(.data)
    eMBCurrentMode                           0x200001aa   Data           1  mb.o(.data)
    peMBFrameSendCur                         0x200001ac   Data           4  mb.o(.data)
    pvMBFrameStartCur                        0x200001b0   Data           4  mb.o(.data)
    pvMBFrameStopCur                         0x200001b4   Data           4  mb.o(.data)
    peMBFrameReceiveCur                      0x200001b8   Data           4  mb.o(.data)
    pvMBFrameCloseCur                        0x200001bc   Data           4  mb.o(.data)
    .data                                    0x200001d4   Section       18  eeprom_low.o(.data)
    u32EscapeFrame                           0x200001d4   Data           4  eeprom_low.o(.data)
    s_I2C3HandlerFn                          0x200001dc   Data           4  eeprom_low.o(.data)
    .data                                    0x200001e8   Section        4  clock.o(.data)
    rt_tick                                  0x200001e8   Data           4  clock.o(.data)
    .data                                    0x200001ec   Section        4  idle.o(.data)
    rt_thread_idle_hook                      0x200001ec   Data           4  idle.o(.data)
    .data                                    0x200001f0   Section        1  irq.o(.data)
    .data                                    0x200001f4   Section       32  mem.o(.data)
    rt_malloc_hook                           0x200001f4   Data           4  mem.o(.data)
    rt_free_hook                             0x200001f8   Data           4  mem.o(.data)
    heap_ptr                                 0x200001fc   Data           4  mem.o(.data)
    heap_end                                 0x20000200   Data           4  mem.o(.data)
    lfree                                    0x20000204   Data           4  mem.o(.data)
    mem_size_aligned                         0x20000208   Data           4  mem.o(.data)
    used_mem                                 0x2000020c   Data           4  mem.o(.data)
    max_mem                                  0x20000210   Data           4  mem.o(.data)
    .data                                    0x20000214   Section      164  object.o(.data)
    rt_object_attach_hook                    0x200002a4   Data           4  object.o(.data)
    rt_object_detach_hook                    0x200002a8   Data           4  object.o(.data)
    .data                                    0x200002b8   Section       28  scheduler.o(.data)
    rt_scheduler_lock_nest                   0x200002b8   Data           2  scheduler.o(.data)
    rt_scheduler_hook                        0x200002d0   Data           4  scheduler.o(.data)
    .data                                    0x200002d4   Section       16  timer.o(.data)
    random_nr                                0x200002d4   Data           4  timer.o(.data)
    rt_timer_list                            0x200002d8   Data           8  timer.o(.data)
    rt_timer_timeout_hook                    0x200002e0   Data           4  timer.o(.data)
    .data                                    0x200002e4   Section       16  cpuport.o(.data)
    rt_exception_hook                        0x200002e4   Data           4  cpuport.o(.data)
    .data                                    0x200002f4   Section       51  weight.o(.data)
    u32EscapeFrame                           0x200002f4   Data           4  weight.o(.data)
    WeightADCalibration                      0x200002f8   Data           4  weight.o(.data)
    WeightADCSignBit                         0x200002fc   Data           4  weight.o(.data)
    Heavy                                    0x20000300   Data           4  weight.o(.data)
    HeavyAlarm                               0x20000304   Data           4  weight.o(.data)
    cnt                                      0x20000308   Data           4  weight.o(.data)
    out                                      0x2000030c   Data           4  weight.o(.data)
    duty                                     0x20000310   Data           4  weight.o(.data)
    WeightAD1                                0x20000314   Data           4  weight.o(.data)
    WeightAD2                                0x20000318   Data           4  weight.o(.data)
    .bss                                     0x20000328   Section     6960  user_mb_app.o(.bss)
    .bss                                     0x20001e58   Section      256  mbrtu.o(.bss)
    .bss                                     0x20001f58   Section       32  mbfuncother.o(.bss)
    ucMBSlaveID                              0x20001f58   Data          32  mbfuncother.o(.bss)
    .bss                                     0x20001f78   Section     1152  idle.o(.bss)
    idle                                     0x20001f78   Data         128  idle.o(.bss)
    rt_thread_stack                          0x20001ff8   Data        1024  idle.o(.bss)
    .bss                                     0x200023f8   Section       32  mem.o(.bss)
    heap_sem                                 0x200023f8   Data          32  mem.o(.bss)
    .bss                                     0x20002418   Section      256  scheduler.o(.bss)
    .bss                                     0x20002518   Section     2304  application.o(.bss)
    thread_PowerMeasurment_stack             0x20002518   Data        1024  application.o(.bss)
    thread_Rs485comm_stack                   0x20002998   Data        1024  application.o(.bss)
    .bss                                     0x20002e18   Section     6144  startup.o(.bss)
    .bss                                     0x20004618   Section     1188  weight.o(.bss)
    thread_Weight_stack                      0x2000463a   Data        1024  weight.o(.bss)
    STACK                                    0x20004ac0   Section     2048  startup_nuc472_442.o(STACK)

    Global Symbols

    Symbol Name                              Value     Ov Type        Size  Object(Section)

    BuildAttributes$$THM_ISAv4$E$P$D$K$B$S$7EM$VFPi3$EXTD16$VFPS$VFMA$PE$A:L22UL41UL21$X:L11$S22US41US21$IEEE1$IW$USESV6$~STKCKD$USESV7$~SHL$OTIME$ROPI$IEEEX$EBA8$MICROLIB$REQ8$PRES8$EABIv2 0x00000000   Number         0  anon$$obj.o ABSOLUTE
    __ARM_use_no_argv                        0x00000000   Number         0  startup.o ABSOLUTE
    __Vectors                                0x00000000   Data           4  startup_nuc472_442.o(RESET)
    _printf_a                                0x00000000   Number         0  stubs.o ABSOLUTE
    _printf_c                                0x00000000   Number         0  stubs.o ABSOLUTE
    _printf_charcount                        0x00000000   Number         0  stubs.o ABSOLUTE
    _printf_d                                0x00000000   Number         0  stubs.o ABSOLUTE
    _printf_e                                0x00000000   Number         0  stubs.o ABSOLUTE
    _printf_f                                0x00000000   Number         0  stubs.o ABSOLUTE
    _printf_flags                            0x00000000   Number         0  stubs.o ABSOLUTE
    _printf_fp_dec                           0x00000000   Number         0  stubs.o ABSOLUTE
    _printf_fp_hex                           0x00000000   Number         0  stubs.o ABSOLUTE
    _printf_g                                0x00000000   Number         0  stubs.o ABSOLUTE
    _printf_i                                0x00000000   Number         0  stubs.o ABSOLUTE
    _printf_int_dec                          0x00000000   Number         0  stubs.o ABSOLUTE
    _printf_l                                0x00000000   Number         0  stubs.o ABSOLUTE
    _printf_lc                               0x00000000   Number         0  stubs.o ABSOLUTE
    _printf_ll                               0x00000000   Number         0  stubs.o ABSOLUTE
    _printf_lld                              0x00000000   Number         0  stubs.o ABSOLUTE
    _printf_lli                              0x00000000   Number         0  stubs.o ABSOLUTE
    _printf_llo                              0x00000000   Number         0  stubs.o ABSOLUTE
    _printf_llu                              0x00000000   Number         0  stubs.o ABSOLUTE
    _printf_llx                              0x00000000   Number         0  stubs.o ABSOLUTE
    _printf_longlong_dec                     0x00000000   Number         0  stubs.o ABSOLUTE
    _printf_longlong_hex                     0x00000000   Number         0  stubs.o ABSOLUTE
    _printf_longlong_oct                     0x00000000   Number         0  stubs.o ABSOLUTE
    _printf_ls                               0x00000000   Number         0  stubs.o ABSOLUTE
    _printf_mbtowc                           0x00000000   Number         0  stubs.o ABSOLUTE
    _printf_n                                0x00000000   Number         0  stubs.o ABSOLUTE
    _printf_o                                0x00000000   Number         0  stubs.o ABSOLUTE
    _printf_p                                0x00000000   Number         0  stubs.o ABSOLUTE
    _printf_percent                          0x00000000   Number         0  stubs.o ABSOLUTE
    _printf_pre_padding                      0x00000000   Number         0  stubs.o ABSOLUTE
    _printf_return_value                     0x00000000   Number         0  stubs.o ABSOLUTE
    _printf_s                                0x00000000   Number         0  stubs.o ABSOLUTE
    _printf_sizespec                         0x00000000   Number         0  stubs.o ABSOLUTE
    _printf_str                              0x00000000   Number         0  stubs.o ABSOLUTE
    _printf_truncate_signed                  0x00000000   Number         0  stubs.o ABSOLUTE
    _printf_truncate_unsigned                0x00000000   Number         0  stubs.o ABSOLUTE
    _printf_u                                0x00000000   Number         0  stubs.o ABSOLUTE
    _printf_wc                               0x00000000   Number         0  stubs.o ABSOLUTE
    _printf_wctomb                           0x00000000   Number         0  stubs.o ABSOLUTE
    _printf_widthprec                        0x00000000   Number         0  stubs.o ABSOLUTE
    _printf_x                                0x00000000   Number         0  stubs.o ABSOLUTE
    __Vectors_End                            0x00000278   Data           0  startup_nuc472_442.o(RESET)
    __Vectors_Size                           0x00000278   Number         0  startup_nuc472_442.o ABSOLUTE
    __main                                   0x00000279   Thumb Code     0  entry.o(.ARM.Collect$$$$00000000)
    _main_stk                                0x00000279   Thumb Code     0  entry2.o(.ARM.Collect$$$$00000001)
    _main_scatterload                        0x0000027d   Thumb Code     0  entry5.o(.ARM.Collect$$$$00000004)
    __main_after_scatterload                 0x00000281   Thumb Code     0  entry5.o(.ARM.Collect$$$$00000004)
    _main_init                               0x00000281   Thumb Code     0  entry7.o(.ARM.Collect$$$$00000007)
    Reset_Handler                            0x0000028d   Thumb Code    40  startup_nuc472_442.o(.text)
    NMI_Handler                              0x000002b5   Thumb Code     2  startup_nuc472_442.o(.text)
    MemManage_Handler                        0x000002b9   Thumb Code     2  startup_nuc472_442.o(.text)
    BusFault_Handler                         0x000002bb   Thumb Code     2  startup_nuc472_442.o(.text)
    UsageFault_Handler                       0x000002bd   Thumb Code     2  startup_nuc472_442.o(.text)
    SVC_Handler                              0x000002bf   Thumb Code     2  startup_nuc472_442.o(.text)
    DebugMon_Handler                         0x000002c1   Thumb Code     2  startup_nuc472_442.o(.text)
    ACMP_IRQHandler                          0x000002c7   Thumb Code     0  startup_nuc472_442.o(.text)
    ADC_IRQHandler                           0x000002c7   Thumb Code     0  startup_nuc472_442.o(.text)
    BOD_IRQHandler                           0x000002c7   Thumb Code     0  startup_nuc472_442.o(.text)
    CAN0_IRQHandler                          0x000002c7   Thumb Code     0  startup_nuc472_442.o(.text)
    CAN1_IRQHandler                          0x000002c7   Thumb Code     0  startup_nuc472_442.o(.text)
    CAP_IRQHandler                           0x000002c7   Thumb Code     0  startup_nuc472_442.o(.text)
    CLKF_IRQHandler                          0x000002c7   Thumb Code     0  startup_nuc472_442.o(.text)
    CRC_IRQHandler                           0x000002c7   Thumb Code     0  startup_nuc472_442.o(.text)
    CRYPTO_IRQHandler                        0x000002c7   Thumb Code     0  startup_nuc472_442.o(.text)
    EADC0_IRQHandler                         0x000002c7   Thumb Code     0  startup_nuc472_442.o(.text)
    EADC1_IRQHandler                         0x000002c7   Thumb Code     0  startup_nuc472_442.o(.text)
    EADC2_IRQHandler                         0x000002c7   Thumb Code     0  startup_nuc472_442.o(.text)
    EADC3_IRQHandler                         0x000002c7   Thumb Code     0  startup_nuc472_442.o(.text)
    EINT0_IRQHandler                         0x000002c7   Thumb Code     0  startup_nuc472_442.o(.text)
    EINT1_IRQHandler                         0x000002c7   Thumb Code     0  startup_nuc472_442.o(.text)
    EINT2_IRQHandler                         0x000002c7   Thumb Code     0  startup_nuc472_442.o(.text)
    EINT3_IRQHandler                         0x000002c7   Thumb Code     0  startup_nuc472_442.o(.text)
    EINT4_IRQHandler                         0x000002c7   Thumb Code     0  startup_nuc472_442.o(.text)
    EINT5_IRQHandler                         0x000002c7   Thumb Code     0  startup_nuc472_442.o(.text)
    EINT6_IRQHandler                         0x000002c7   Thumb Code     0  startup_nuc472_442.o(.text)
    EINT7_IRQHandler                         0x000002c7   Thumb Code     0  startup_nuc472_442.o(.text)
    EMAC_RX_IRQHandler                       0x000002c7   Thumb Code     0  startup_nuc472_442.o(.text)
    EMAC_TX_IRQHandler                       0x000002c7   Thumb Code     0  startup_nuc472_442.o(.text)
    EPWM0BRK_IRQHandler                      0x000002c7   Thumb Code     0  startup_nuc472_442.o(.text)
    EPWM0_IRQHandler                         0x000002c7   Thumb Code     0  startup_nuc472_442.o(.text)
    EPWM1BRK_IRQHandler                      0x000002c7   Thumb Code     0  startup_nuc472_442.o(.text)
    EPWM1_IRQHandler                         0x000002c7   Thumb Code     0  startup_nuc472_442.o(.text)
    GPA_IRQHandler                           0x000002c7   Thumb Code     0  startup_nuc472_442.o(.text)
    GPC_IRQHandler                           0x000002c7   Thumb Code     0  startup_nuc472_442.o(.text)
    GPD_IRQHandler                           0x000002c7   Thumb Code     0  startup_nuc472_442.o(.text)
    GPE_IRQHandler                           0x000002c7   Thumb Code     0  startup_nuc472_442.o(.text)
    GPF_IRQHandler                           0x000002c7   Thumb Code     0  startup_nuc472_442.o(.text)
    GPG_IRQHandler                           0x000002c7   Thumb Code     0  startup_nuc472_442.o(.text)
    GPH_IRQHandler                           0x000002c7   Thumb Code     0  startup_nuc472_442.o(.text)
    GPI_IRQHandler                           0x000002c7   Thumb Code     0  startup_nuc472_442.o(.text)
    I2C0_IRQHandler                          0x000002c7   Thumb Code     0  startup_nuc472_442.o(.text)
    I2C1_IRQHandler                          0x000002c7   Thumb Code     0  startup_nuc472_442.o(.text)
    I2C2_IRQHandler                          0x000002c7   Thumb Code     0  startup_nuc472_442.o(.text)
    I2C4_IRQHandler                          0x000002c7   Thumb Code     0  startup_nuc472_442.o(.text)
    I2S0_IRQHandler                          0x000002c7   Thumb Code     0  startup_nuc472_442.o(.text)
    I2S1_IRQHandler                          0x000002c7   Thumb Code     0  startup_nuc472_442.o(.text)
    ICAP0_IRQHandler                         0x000002c7   Thumb Code     0  startup_nuc472_442.o(.text)
    ICAP1_IRQHandler                         0x000002c7   Thumb Code     0  startup_nuc472_442.o(.text)
    IRC_IRQHandler                           0x000002c7   Thumb Code     0  startup_nuc472_442.o(.text)
    OPA0_IRQHandler                          0x000002c7   Thumb Code     0  startup_nuc472_442.o(.text)
    OPA1_IRQHandler                          0x000002c7   Thumb Code     0  startup_nuc472_442.o(.text)
    PDMA_IRQHandler                          0x000002c7   Thumb Code     0  startup_nuc472_442.o(.text)
    PS2D_IRQHandler                          0x000002c7   Thumb Code     0  startup_nuc472_442.o(.text)
    PWM0CH1_IRQHandler                       0x000002c7   Thumb Code     0  startup_nuc472_442.o(.text)
    PWM0CH2_IRQHandler                       0x000002c7   Thumb Code     0  startup_nuc472_442.o(.text)
    PWM0CH3_IRQHandler                       0x000002c7   Thumb Code     0  startup_nuc472_442.o(.text)
    PWM0CH4_IRQHandler                       0x000002c7   Thumb Code     0  startup_nuc472_442.o(.text)
    PWM0CH5_IRQHandler                       0x000002c7   Thumb Code     0  startup_nuc472_442.o(.text)
    PWM0_BRK_IRQHandler                      0x000002c7   Thumb Code     0  startup_nuc472_442.o(.text)
    PWM1CH0_IRQHandler                       0x000002c7   Thumb Code     0  startup_nuc472_442.o(.text)
    PWM1CH1_IRQHandler                       0x000002c7   Thumb Code     0  startup_nuc472_442.o(.text)
    PWM1CH2_IRQHandler                       0x000002c7   Thumb Code     0  startup_nuc472_442.o(.text)
    PWM1CH3_IRQHandler                       0x000002c7   Thumb Code     0  startup_nuc472_442.o(.text)
    PWM1CH4_IRQHandler                       0x000002c7   Thumb Code     0  startup_nuc472_442.o(.text)
    PWM1CH5_IRQHandler                       0x000002c7   Thumb Code     0  startup_nuc472_442.o(.text)
    PWM1_BRK_IRQHandler                      0x000002c7   Thumb Code     0  startup_nuc472_442.o(.text)
    PWRWU_IRQHandler                         0x000002c7   Thumb Code     0  startup_nuc472_442.o(.text)
    QEI0_IRQHandler                          0x000002c7   Thumb Code     0  startup_nuc472_442.o(.text)
    QEI1_IRQHandler                          0x000002c7   Thumb Code     0  startup_nuc472_442.o(.text)
    RTC_IRQHandler                           0x000002c7   Thumb Code     0  startup_nuc472_442.o(.text)
    SC0_IRQHandler                           0x000002c7   Thumb Code     0  startup_nuc472_442.o(.text)
    SC1_IRQHandler                           0x000002c7   Thumb Code     0  startup_nuc472_442.o(.text)
    SC2_IRQHandler                           0x000002c7   Thumb Code     0  startup_nuc472_442.o(.text)
    SC3_IRQHandler                           0x000002c7   Thumb Code     0  startup_nuc472_442.o(.text)
    SC4_IRQHandler                           0x000002c7   Thumb Code     0  startup_nuc472_442.o(.text)
    SC5_IRQHandler                           0x000002c7   Thumb Code     0  startup_nuc472_442.o(.text)
    SD_IRQHandler                            0x000002c7   Thumb Code     0  startup_nuc472_442.o(.text)
    SPI0_IRQHandler                          0x000002c7   Thumb Code     0  startup_nuc472_442.o(.text)
    SPI1_IRQHandler                          0x000002c7   Thumb Code     0  startup_nuc472_442.o(.text)
    SPI2_IRQHandler                          0x000002c7   Thumb Code     0  startup_nuc472_442.o(.text)
    SPI3_IRQHandler                          0x000002c7   Thumb Code     0  startup_nuc472_442.o(.text)
    SRAMF_IRQHandler                         0x000002c7   Thumb Code     0  startup_nuc472_442.o(.text)
    TAMPER_IRQHandler                        0x000002c7   Thumb Code     0  startup_nuc472_442.o(.text)
    TMR2_IRQHandler                          0x000002c7   Thumb Code     0  startup_nuc472_442.o(.text)
    TMR3_IRQHandler                          0x000002c7   Thumb Code     0  startup_nuc472_442.o(.text)
    UART0_IRQHandler                         0x000002c7   Thumb Code     0  startup_nuc472_442.o(.text)
    UART1_IRQHandler                         0x000002c7   Thumb Code     0  startup_nuc472_442.o(.text)
    UART2_IRQHandler                         0x000002c7   Thumb Code     0  startup_nuc472_442.o(.text)
    UART4_IRQHandler                         0x000002c7   Thumb Code     0  startup_nuc472_442.o(.text)
    UART5_IRQHandler                         0x000002c7   Thumb Code     0  startup_nuc472_442.o(.text)
    USBD_IRQHandler                          0x000002c7   Thumb Code     0  startup_nuc472_442.o(.text)
    USBH_IRQHandler                          0x000002c7   Thumb Code     0  startup_nuc472_442.o(.text)
    USB_OTG_IRQHandler                       0x000002c7   Thumb Code     0  startup_nuc472_442.o(.text)
    WDT_IRQHandler                           0x000002c7   Thumb Code     0  startup_nuc472_442.o(.text)
    WWDT_IRQHandler                          0x000002c7   Thumb Code     0  startup_nuc472_442.o(.text)
    rt_hw_interrupt_disable                  0x000002d9   Thumb Code     8  context_rvds.o(.text)
    rt_hw_interrupt_enable                   0x000002e1   Thumb Code     6  context_rvds.o(.text)
    rt_hw_context_switch                     0x000002e7   Thumb Code    32  context_rvds.o(.text)
    rt_hw_context_switch_interrupt           0x000002e7   Thumb Code     0  context_rvds.o(.text)
    PendSV_Handler                           0x00000307   Thumb Code   108  context_rvds.o(.text)
    rt_hw_context_switch_to                  0x00000373   Thumb Code    70  context_rvds.o(.text)
    rt_hw_interrupt_thread_switch            0x000003b9   Thumb Code     4  context_rvds.o(.text)
    HardFault_Handler                        0x000003bd   Thumb Code    20  context_rvds.o(.text)
    __aeabi_uldivmod                         0x000003e9   Thumb Code   102  uldiv.o(.text)
    __aeabi_llsr                             0x0000044f   Thumb Code    32  llushr.o(.text)
    _ll_ushift_r                             0x0000044f   Thumb Code     0  llushr.o(.text)
    __aeabi_memcpy                           0x0000046f   Thumb Code    36  memcpya.o(.text)
    __aeabi_memcpy4                          0x0000046f   Thumb Code     0  memcpya.o(.text)
    __aeabi_memcpy8                          0x0000046f   Thumb Code     0  memcpya.o(.text)
    __aeabi_dadd                             0x00000493   Thumb Code   318  dadd.o(.text)
    __aeabi_dsub                             0x000005d1   Thumb Code     6  dadd.o(.text)
    __aeabi_drsub                            0x000005d7   Thumb Code     6  dadd.o(.text)
    __aeabi_dmul                             0x000005dd   Thumb Code   226  dmul.o(.text)
    __aeabi_ddiv                             0x000006bf   Thumb Code   222  ddiv.o(.text)
    __aeabi_f2d                              0x0000079d   Thumb Code    44  f2d.o(.text)
    __aeabi_uidiv                            0x000007c9   Thumb Code     0  uidiv.o(.text)
    __aeabi_uidivmod                         0x000007c9   Thumb Code    44  uidiv.o(.text)
    __aeabi_llsl                             0x000007f5   Thumb Code    30  llshl.o(.text)
    _ll_shift_l                              0x000007f5   Thumb Code     0  llshl.o(.text)
    __aeabi_lasr                             0x00000813   Thumb Code    36  llsshr.o(.text)
    _ll_sshift_r                             0x00000813   Thumb Code     0  llsshr.o(.text)
    __I$use$fp                               0x00000837   Thumb Code     0  iusefp.o(.text)
    _double_round                            0x00000837   Thumb Code    26  depilogue.o(.text)
    _double_epilogue                         0x00000851   Thumb Code   168  depilogue.o(.text)
    __aeabi_d2ulz                            0x000008f9   Thumb Code    48  dfixul.o(.text)
    __aeabi_cdrcmple                         0x00000929   Thumb Code    38  cdrcmple.o(.text)
    __scatterload                            0x00000951   Thumb Code    28  init.o(.text)
    __scatterload_rt2                        0x00000951   Thumb Code     0  init.o(.text)
    __decompress                             0x00000975   Thumb Code     0  __dczerorl2.o(.text)
    __decompress1                            0x00000975   Thumb Code    92  __dczerorl2.o(.text)
    ADE7878Cfg                               0x000009d1   Thumb Code   792  ade7878.o(i.ADE7878Cfg)
    ADE7878PSM0                              0x00000d05   Thumb Code    50  ade7878.o(i.ADE7878PSM0)
    ADE7878Reset                             0x00000d41   Thumb Code    90  ade7878.o(i.ADE7878Reset)
    ADE7878SPICfg                            0x00000dad   Thumb Code    42  ade7878.o(i.ADE7878SPICfg)
    ADE7878_main                             0x00000dd9   Thumb Code    82  ad7878_measure.o(i.ADE7878_main)
    CLK_EnableModuleClock                    0x00000e31   Thumb Code    36  clk.o(i.CLK_EnableModuleClock)
    CLK_EnableXtalRC                         0x00000e59   Thumb Code    18  clk.o(i.CLK_EnableXtalRC)
    CLK_GetHCLKFreq                          0x00000e71   Thumb Code    12  clk.o(i.CLK_GetHCLKFreq)
    CLK_GetPLLClockFreq                      0x00000e81   Thumb Code    96  clk.o(i.CLK_GetPLLClockFreq)
    CLK_SetHCLK                              0x00000eed   Thumb Code    48  clk.o(i.CLK_SetHCLK)
    CLK_SetModuleClock                       0x00000f25   Thumb Code    94  clk.o(i.CLK_SetModuleClock)
    CLK_WaitClockReady                       0x00000f89   Thumb Code    36  clk.o(i.CLK_WaitClockReady)
    ConfigHWADCHX711                         0x00000fb1   Thumb Code    24  weight.o(i.ConfigHWADCHX711)
    ConfigHWPwm0                             0x00000fcd   Thumb Code    82  weight.o(i.ConfigHWPwm0)
    ConfigHWSpiport                          0x00001029   Thumb Code    86  config.o(i.ConfigHWSpiport)
    ConfigHW_IR_IRQ                          0x00001095   Thumb Code    32  weight.o(i.ConfigHW_IR_IRQ)
    ConfigHWled                              0x000010b9   Thumb Code    48  config.o(i.ConfigHWled)
    ConfigSWTimr1                            0x000010ed   Thumb Code   106  weight.o(i.ConfigSWTimr1)
    Config_ADE7878_IRQ                       0x0000116d   Thumb Code    96  ade7878_int.o(i.Config_ADE7878_IRQ)
    Delay                                    0x000011d9   Thumb Code    18  ade7878_spi.o(i.Delay)
    Delay_nms                                0x000011eb   Thumb Code    20  ds12864.o(i.Delay_nms)
    Display_Task                             0x00001201   Thumb Code    60  ds12864.o(i.Display_Task)
    EnterCriticalSection                     0x0000124d   Thumb Code     4  port.o(i.EnterCriticalSection)
    ExitCriticalSection                      0x00001251   Thumb Code     4  port.o(i.ExitCriticalSection)
    GPB_IRQHandler                           0x00001255   Thumb Code   172  ade7878_int.o(i.GPB_IRQHandler)
    GPIO_EnableInt                           0x00001319   Thumb Code    26  gpio.o(i.GPIO_EnableInt)
    GPIO_SetMode                             0x00001333   Thumb Code    44  gpio.o(i.GPIO_SetMode)
    I2C3_IRQHandler                          0x00001361   Thumb Code    38  eeprom_low.o(i.I2C3_IRQHandler)
    I2C_ClearTimeoutFlag                     0x00001391   Thumb Code    10  i2c.o(i.I2C_ClearTimeoutFlag)
    Init12864                                0x0000139d   Thumb Code    24  ds12864.o(i.Init12864)
    LCD_Setaddress                           0x000013b9   Thumb Code    68  ds12864.o(i.LCD_Setaddress)
    LCD_init                                 0x000013fd   Thumb Code    44  ds12864.o(i.LCD_init)
    LCD_sendbyte                             0x00001429   Thumb Code    58  ds12864.o(i.LCD_sendbyte)
    LCD_write_com                            0x0000146d   Thumb Code    36  ds12864.o(i.LCD_write_com)
    LCD_write_dat                            0x00001491   Thumb Code    36  ds12864.o(i.LCD_write_dat)
    PWM0CH0_IRQHandler                       0x0000150d   Thumb Code    68  weight.o(i.PWM0CH0_IRQHandler)
    PWM_ClearPeriodIntFlag                   0x0000155d   Thumb Code     8  pwm.o(i.PWM_ClearPeriodIntFlag)
    PWM_ConfigOutputChannel                  0x00001565   Thumb Code  1096  pwm.o(i.PWM_ConfigOutputChannel)
    PWM_DisableOutput                        0x000019ad   Thumb Code     8  pwm.o(i.PWM_DisableOutput)
    PWM_EnableDeadZone                       0x000019b5   Thumb Code    38  pwm.o(i.PWM_EnableDeadZone)
    PWM_EnableOutput                         0x000019db   Thumb Code     8  pwm.o(i.PWM_EnableOutput)
    PWM_Start                                0x000019e3   Thumb Code     8  pwm.o(i.PWM_Start)
    PowerMeasurment                          0x000019ed   Thumb Code   484  ad7878_measure.o(i.PowerMeasurment)
    ReadADCHX711                             0x00001bf1   Thumb Code   100  weight.o(i.ReadADCHX711)
    SPIDelay                                 0x00001c5d   Thumb Code    16  ade7878_spi.o(i.SPIDelay)
    SPIRead2Bytes                            0x00001c6d   Thumb Code   126  ade7878_spi.o(i.SPIRead2Bytes)
    SPIRead4Bytes                            0x00001cf9   Thumb Code   142  ade7878_spi.o(i.SPIRead4Bytes)
    SPIWrite1Byte                            0x00001d95   Thumb Code    68  ade7878_spi.o(i.SPIWrite1Byte)
    SPIWrite2Bytes                           0x00001de1   Thumb Code    78  ade7878_spi.o(i.SPIWrite2Bytes)
    SPIWrite4Bytes                           0x00001e39   Thumb Code    94  ade7878_spi.o(i.SPIWrite4Bytes)
    SPI_ClearRxFIFO                          0x00001ea1   Thumb Code    10  spi.o(i.SPI_ClearRxFIFO)
    SPI_DisableAutoSS                        0x00001eab   Thumb Code    10  spi.o(i.SPI_DisableAutoSS)
    SPI_Open                                 0x00001eb5   Thumb Code    88  spi.o(i.SPI_Open)
    SYS_Config                               0x00001f0d   Thumb Code    36  config.o(i.SYS_Config)
    SYS_Init                                 0x00001f31   Thumb Code    80  main.o(i.SYS_Init)
    SYS_UnlockReg                            0x00001f85   Thumb Code    38  sys.o(i.SYS_UnlockReg)
    SetSysTick                               0x00001fb1   Thumb Code    54  main.o(i.SetSysTick)
    Set_Irms2Display                         0x00001ff5   Thumb Code    46  ds12864.o(i.Set_Irms2Display)
    Set_Vrms2Display                         0x00002035   Thumb Code    46  ds12864.o(i.Set_Vrms2Display)
    Set_Watt2Display                         0x00002075   Thumb Code    46  ds12864.o(i.Set_Watt2Display)
    Set_Watthr2Display                       0x000020b5   Thumb Code    46  ds12864.o(i.Set_Watthr2Display)
    SysTick_Handler                          0x000020f5   Thumb Code    26  main.o(i.SysTick_Handler)
    SystemCoreClockUpdate                    0x00002115   Thumb Code    68  system_nuc472_442.o(i.SystemCoreClockUpdate)
    SystemInit                               0x00002171   Thumb Code    20  system_nuc472_442.o(i.SystemInit)
    TIMER_Close                              0x00002189   Thumb Code     8  timer_nuc.o(i.TIMER_Close)
    TIMER_GetModuleClock                     0x0000219d   Thumb Code   112  timer_nuc.o(i.TIMER_GetModuleClock)
    TIMER_Open                               0x00002225   Thumb Code    98  timer_nuc.o(i.TIMER_Open)
    TMR0_IRQHandler                          0x00002291   Thumb Code    60  porttimer.o(i.TMR0_IRQHandler)
    TMR1_IRQHandler                          0x000022dd   Thumb Code    22  weight.o(i.TMR1_IRQHandler)
    UART3_IRQHandler                         0x000022fd   Thumb Code    30  portserial.o(i.UART3_IRQHandler)
    UART_DisableFlowCtrl                     0x00002321   Thumb Code    10  uart.o(i.UART_DisableFlowCtrl)
    UART_DisableInt                          0x0000232b   Thumb Code     8  uart.o(i.UART_DisableInt)
    UART_EnableInt                           0x00002333   Thumb Code     8  uart.o(i.UART_EnableInt)
    UART_Open                                0x0000233d   Thumb Code   118  uart.o(i.UART_Open)
    UpdataWeight                             0x000023bd   Thumb Code    12  weight.o(i.UpdataWeight)
    __0sprintf                               0x000023d1   Thumb Code    34  printfa.o(i.__0sprintf)
    __1sprintf                               0x000023d1   Thumb Code     0  printfa.o(i.__0sprintf)
    __2sprintf                               0x000023d1   Thumb Code     0  printfa.o(i.__0sprintf)
    __c89sprintf                             0x000023d1   Thumb Code     0  printfa.o(i.__0sprintf)
    sprintf                                  0x000023d1   Thumb Code     0  printfa.o(i.__0sprintf)
    __rt_ffs                                 0x000023f9   Thumb Code    72  kservice.o(i.__rt_ffs)
    __scatterload_copy                       0x00002445   Thumb Code    14  handlers.o(i.__scatterload_copy)
    __scatterload_null                       0x00002453   Thumb Code     2  handlers.o(i.__scatterload_null)
    __scatterload_zeroinit                   0x00002455   Thumb Code    14  handlers.o(i.__scatterload_zeroinit)
    crc_ccitt                                0x00002e3d   Thumb Code    40  mbcrc.o(i.crc_ccitt)
    delayp                                   0x00002e69   Thumb Code    12  weight.o(i.delayp)
    eBTFuncReadHoldingRegister               0x00002e75   Thumb Code   150  btfunc.o(i.eBTFuncReadHoldingRegister)
    eMBEnable                                0x00002f0d   Thumb Code    32  mb.o(i.eMBEnable)
    eMBFuncReadHoldingRegister               0x00002f35   Thumb Code   140  mbfuncholding.o(i.eMBFuncReadHoldingRegister)
    eMBFuncReadWriteMultipleHoldingRegister  0x00002fc1   Thumb Code   212  mbfuncholding.o(i.eMBFuncReadWriteMultipleHoldingRegister)
    eMBFuncReportSlaveID                     0x00003095   Thumb Code    30  mbfuncother.o(i.eMBFuncReportSlaveID)
    eMBFuncWriteHoldingRegister              0x000030bd   Thumb Code    66  mbfuncholding.o(i.eMBFuncWriteHoldingRegister)
    eMBInit                                  0x00003101   Thumb Code   152  mb.o(i.eMBInit)
    eMBPoll                                  0x000031e1   Thumb Code   438  mb.o(i.eMBPoll)
    eMBRTUInit                               0x000033c1   Thumb Code    84  mbrtu.o(i.eMBRTUInit)
    eMBRTUReceive                            0x00003419   Thumb Code   100  mbrtu.o(i.eMBRTUReceive)
    eMBRTUSend                               0x00003485   Thumb Code   124  mbrtu.o(i.eMBRTUSend)
    eMBRTUStart                              0x00003515   Thumb Code    30  mbrtu.o(i.eMBRTUStart)
    eMBRTUStop                               0x00003539   Thumb Code    24  mbrtu.o(i.eMBRTUStop)
    eMBRegHoldingCB                          0x00003551   Thumb Code   188  user_mb_app.o(i.eMBRegHoldingCB)
    init_Weight_thread                       0x0000361d   Thumb Code    36  weight.o(i.init_Weight_thread)
    main                                     0x00003655   Thumb Code    14  startup.o(i.main)
    peBTFrameSendCur                         0x00003665   Thumb Code   192  mbrtu.o(i.peBTFrameSendCur)
    print                                    0x000037e5   Thumb Code    22  ds12864.o(i.print)
    prveMBError2Exception                    0x000037fb   Thumb Code    34  mbutils.o(i.prveMBError2Exception)
    read_byte                                0x0000384d   Thumb Code    62  weight.o(i.read_byte)
    rt_application_init                      0x00003895   Thumb Code   106  application.o(i.rt_application_init)
    rt_device_init_all                       0x00003941   Thumb Code    62  device.o(i.rt_device_init_all)
    rt_free                                  0x00003985   Thumb Code   226  mem.o(i.rt_free)
    rt_hw_board_init                         0x00003a81   Thumb Code    16  board.o(i.rt_hw_board_init)
    rt_hw_hard_fault_exception               0x00003a91   Thumb Code    30  cpuport.o(i.rt_hw_hard_fault_exception)
    rt_hw_stack_init                         0x00003ab5   Thumb Code    64  cpuport.o(i.rt_hw_stack_init)
    rt_init_thread_entry                     0x00003af9   Thumb Code    48  application.o(i.rt_init_thread_entry)
    rt_interrupt_enter                       0x00003b29   Thumb Code    30  irq.o(i.rt_interrupt_enter)
    rt_interrupt_get_nest                    0x00003b4d   Thumb Code     6  irq.o(i.rt_interrupt_get_nest)
    rt_interrupt_leave                       0x00003b59   Thumb Code    30  irq.o(i.rt_interrupt_leave)
    rt_malloc                                0x00003cb1   Thumb Code   494  mem.o(i.rt_malloc)
    rt_memset                                0x00003ec1   Thumb Code    72  kservice.o(i.rt_memset)
    rt_object_allocate                       0x00003f09   Thumb Code   122  object.o(i.rt_object_allocate)
    rt_object_delete                         0x00003f8d   Thumb Code    80  object.o(i.rt_object_delete)
    rt_object_detach                         0x00003fe1   Thumb Code    56  object.o(i.rt_object_detach)
    rt_object_init                           0x0000401d   Thumb Code    76  object.o(i.rt_object_init)
    rt_object_is_systemobject                0x00004071   Thumb Code    30  object.o(i.rt_object_is_systemobject)
    rt_schedule                              0x00004091   Thumb Code   132  scheduler.o(i.rt_schedule)
    rt_schedule_insert_thread                0x00004131   Thumb Code    80  scheduler.o(i.rt_schedule_insert_thread)
    rt_schedule_remove_thread                0x00004189   Thumb Code    92  scheduler.o(i.rt_schedule_remove_thread)
    rt_sem_init                              0x000041ed   Thumb Code    50  ipc.o(i.rt_sem_init)
    rt_sem_release                           0x00004221   Thumb Code    80  ipc.o(i.rt_sem_release)
    rt_sem_take                              0x00004275   Thumb Code   244  ipc.o(i.rt_sem_take)
    rt_show_version                          0x00004371   Thumb Code     2  kservice.o(i.rt_show_version)
    rt_strncpy                               0x00004373   Thumb Code    52  kservice.o(i.rt_strncpy)
    rt_system_heap_init                      0x000043a9   Thumb Code   182  mem.o(i.rt_system_heap_init)
    rt_system_object_init                    0x0000447d   Thumb Code     2  object.o(i.rt_system_object_init)
    rt_system_scheduler_init                 0x00004481   Thumb Code    56  scheduler.o(i.rt_system_scheduler_init)
    rt_system_scheduler_start                0x000044d1   Thumb Code    36  scheduler.o(i.rt_system_scheduler_start)
    rt_system_tick_init                      0x00004501   Thumb Code     2  clock.o(i.rt_system_tick_init)
    rt_system_timer_init                     0x00004505   Thumb Code    24  timer.o(i.rt_system_timer_init)
    rt_system_timer_thread_init              0x00004521   Thumb Code     2  timer.o(i.rt_system_timer_thread_init)
    rt_thread_create                         0x00004523   Thumb Code    84  thread.o(i.rt_thread_create)
    rt_thread_delay                          0x00004577   Thumb Code    12  thread.o(i.rt_thread_delay)
    rt_thread_entry_Weight                   0x000045d5   Thumb Code   270  weight.o(i.rt_thread_entry_Weight)
    rt_thread_idle_excute                    0x0000477d   Thumb Code   150  idle.o(i.rt_thread_idle_excute)
    rt_thread_idle_init                      0x00004819   Thumb Code    34  idle.o(i.rt_thread_idle_init)
    rt_thread_init                           0x00004851   Thumb Code    74  thread.o(i.rt_thread_init)
    rt_thread_resume                         0x0000489b   Thumb Code    76  thread.o(i.rt_thread_resume)
    rt_thread_self                           0x000048e9   Thumb Code     6  thread.o(i.rt_thread_self)
    rt_thread_sleep                          0x000048f5   Thumb Code    72  thread.o(i.rt_thread_sleep)
    rt_thread_startup                        0x00004941   Thumb Code    88  thread.o(i.rt_thread_startup)
    rt_thread_suspend                        0x00004999   Thumb Code    66  thread.o(i.rt_thread_suspend)
    rt_thread_timeout                        0x000049db   Thumb Code    62  thread.o(i.rt_thread_timeout)
    rt_thread_yield                          0x00004a19   Thumb Code    88  thread.o(i.rt_thread_yield)
    rt_tick_get                              0x00004a79   Thumb Code     6  clock.o(i.rt_tick_get)
    rt_tick_increase                         0x00004a85   Thumb Code    42  clock.o(i.rt_tick_increase)
    rt_timer_check                           0x00004ab5   Thumb Code   148  timer.o(i.rt_timer_check)
    rt_timer_control                         0x00004b51   Thumb Code    70  timer.o(i.rt_timer_control)
    rt_timer_detach                          0x00004b97   Thumb Code    44  timer.o(i.rt_timer_detach)
    rt_timer_init                            0x00004bc3   Thumb Code    58  timer.o(i.rt_timer_init)
    rt_timer_start                           0x00004bfd   Thumb Code   276  timer.o(i.rt_timer_start)
    rt_timer_stop                            0x00004d1d   Thumb Code    78  timer.o(i.rt_timer_stop)
    rtthread_startup                         0x00004d71   Thumb Code    56  startup.o(i.rtthread_startup)
    ucMBMasterGetDestAddress                 0x00004db1   Thumb Code     4  user_mb_app.o(i.ucMBMasterGetDestAddress)
    usMBCRC16                                0x00004db5   Thumb Code    48  mbcrc.o(i.usMBCRC16)
    vMBPortSerialEnable                      0x00004ded   Thumb Code    48  portserial.o(i.vMBPortSerialEnable)
    vMBPortTimersDisable                     0x00004e21   Thumb Code    26  porttimer.o(i.vMBPortTimersDisable)
    vMBPortTimersEnable                      0x00004e49   Thumb Code    66  porttimer.o(i.vMBPortTimersEnable)
    xMBMasterGetCBRunInMasterMode            0x00004e99   Thumb Code     4  user_mb_app.o(i.xMBMasterGetCBRunInMasterMode)
    xMBPortEventGet                          0x00004e9d   Thumb Code    26  portevent.o(i.xMBPortEventGet)
    xMBPortEventInit                         0x00004ec1   Thumb Code    10  portevent.o(i.xMBPortEventInit)
    xMBPortEventPost                         0x00004ed1   Thumb Code    16  portevent.o(i.xMBPortEventPost)
    xMBPortSerialGetByte                     0x00004ee9   Thumb Code    12  portserial.o(i.xMBPortSerialGetByte)
    xMBPortSerialInit                        0x00004ef9   Thumb Code   160  portserial.o(i.xMBPortSerialInit)
    xMBPortSerialPutByte                     0x00004fad   Thumb Code    10  portserial.o(i.xMBPortSerialPutByte)
    xMBPortTimersInit                        0x00004fbd   Thumb Code    84  porttimer.o(i.xMBPortTimersInit)
    xMBRTUReceiveFSM                         0x0000501d   Thumb Code   122  mbrtu.o(i.xMBRTUReceiveFSM)
    xMBRTUTimerT35Expired                    0x000050a5   Thumb Code    60  mbrtu.o(i.xMBRTUTimerT35Expired)
    xMBRTUTransmitFSM                        0x000050e5   Thumb Code    94  mbrtu.o(i.xMBRTUTransmitFSM)
    __lowest_bit_bitmap                      0x00005590   Data         256  kservice.o(.constdata)
    Region$$Table$$Base                      0x000056b4   Number         0  anon$$obj.o(Region$$Table)
    Region$$Table$$Limit                     0x000056d4   Number         0  anon$$obj.o(Region$$Table)
    LocalTime                                0x20000004   Data           4  main.o(.data)
    Mbtick                                   0x20000008   Data           4  main.o(.data)
    a                                        0x20000010   Data           8  ds12864.o(.data)
    SystemCoreClock                          0x2000007c   Data           4  system_nuc472_442.o(.data)
    CyclesPerUs                              0x20000080   Data           4  system_nuc472_442.o(.data)
    gau32ClkSrcTbl                           0x20000084   Data          32  system_nuc472_442.o(.data)
    DummyRd                                  0x200000a8   Data           1  ade7878_spi.o(.data)
    IRQStautsRead0                           0x200000b0   Data           4  ad7878_measure.o(.data)
    IRQStautsRead1                           0x200000b4   Data           4  ad7878_measure.o(.data)
    IRQFlag                                  0x200000b8   Data           1  ad7878_measure.o(.data)
    IRMSIndex                                0x200000b9   Data           1  ad7878_measure.o(.data)
    VRMSIndex                                0x200000ba   Data           1  ad7878_measure.o(.data)
    PhaseAEnergy                             0x200000bc   Data           4  ad7878_measure.o(.data)
    PhaseAIRMS                               0x200000c0   Data           4  ad7878_measure.o(.data)
    PhaseAVRMS                               0x200000c4   Data           4  ad7878_measure.o(.data)
    PhaseAPeroid                             0x200000c8   Data           4  ad7878_measure.o(.data)
    PhaseAAngle                              0x200000cc   Data           4  ad7878_measure.o(.data)
    Pash_poll                                0x200000d0   Data           1  ad7878_measure.o(.data)
    DisplayTrm                               0x200000d4   Data           4  ad7878_measure.o(.data)
    Timehandel                               0x200000e0   Data           1  porttimer.o(.data)
    timecut                                  0x200000e4   Data           4  porttimer.o(.data)
    usSDiscInStart                           0x200000ea   Data           2  user_mb_app.o(.data)
    usSCoilStart                             0x200000ec   Data           2  user_mb_app.o(.data)
    usSRegInStart                            0x200000ee   Data           2  user_mb_app.o(.data)
    usSRegHoldStart                          0x200000f0   Data           2  user_mb_app.o(.data)
    usMDiscInStart                           0x200000f2   Data           2  user_mb_app.o(.data)
    usMCoilStart                             0x200000f4   Data           2  user_mb_app.o(.data)
    usMRegInStart                            0x200000f6   Data           2  user_mb_app.o(.data)
    usMRegHoldStart                          0x200000f8   Data           2  user_mb_app.o(.data)
    ucSDiscInBuf                             0x200000fa   Data           2  user_mb_app.o(.data)
    ucSCoilBuf                               0x200000fc   Data           8  user_mb_app.o(.data)
    pxMBFrameCBByteReceived                  0x200001c0   Data           4  mb.o(.data)
    pxMBFrameCBTransmitterEmpty              0x200001c4   Data           4  mb.o(.data)
    pxMBPortCBTimerExpired                   0x200001c8   Data           4  mb.o(.data)
    pxMBFrameCBReceiveFSMCur                 0x200001cc   Data           4  mb.o(.data)
    pxMBFrameCBTransmitFSMCur                0x200001d0   Data           4  mb.o(.data)
    g_u8EndFlag                              0x200001d8   Data           1  eeprom_low.o(.data)
    g_u8DeviceAddr                           0x200001e0   Data           1  eeprom_low.o(.data)
    g_au8TxData                              0x200001e1   Data           3  eeprom_low.o(.data)
    g_u8RxData                               0x200001e4   Data           1  eeprom_low.o(.data)
    g_u8DataLen                              0x200001e5   Data           1  eeprom_low.o(.data)
    rt_interrupt_nest                        0x200001f0   Data           1  irq.o(.data)
    rt_object_container                      0x20000214   Data         144  object.o(.data)
    rt_object_trytake_hook                   0x200002ac   Data           4  object.o(.data)
    rt_object_take_hook                      0x200002b0   Data           4  object.o(.data)
    rt_object_put_hook                       0x200002b4   Data           4  object.o(.data)
    rt_current_thread                        0x200002bc   Data           4  scheduler.o(.data)
    rt_current_priority                      0x200002c0   Data           1  scheduler.o(.data)
    rt_thread_ready_priority_group           0x200002c4   Data           4  scheduler.o(.data)
    rt_thread_defunct                        0x200002c8   Data           8  scheduler.o(.data)
    rt_interrupt_from_thread                 0x200002e8   Data           4  cpuport.o(.data)
    rt_interrupt_to_thread                   0x200002ec   Data           4  cpuport.o(.data)
    rt_thread_switch_interrupt_flag          0x200002f0   Data           4  cpuport.o(.data)
    number                                   0x2000031c   Data           4  weight.o(.data)
    flage                                    0x20000320   Data           1  weight.o(.data)
    bit_number                               0x20000321   Data           1  weight.o(.data)
    reciv_end                                0x20000322   Data           1  weight.o(.data)
    dat                                      0x20000323   Data           4  weight.o(.data)
    usSRegInBuf                              0x20000328   Data         200  user_mb_app.o(.bss)
    usSRegHoldBuf                            0x200003f0   Data         200  user_mb_app.o(.bss)
    ucMDiscInBuf                             0x200004b8   Data          32  user_mb_app.o(.bss)
    ucMCoilBuf                               0x200004d8   Data         128  user_mb_app.o(.bss)
    usMRegInBuf                              0x20000558   Data        3200  user_mb_app.o(.bss)
    usMRegHoldBuf                            0x200011d8   Data        3200  user_mb_app.o(.bss)
    ucRTUBuf                                 0x20001e58   Data         256  mbrtu.o(.bss)
    rt_thread_priority_table                 0x20002418   Data         256  scheduler.o(.bss)
    thread_PowerMeasurment                   0x20002918   Data         128  application.o(.bss)
    thread_Rs485comm                         0x20002d98   Data         128  application.o(.bss)
    Memheap                                  0x20002e18   Data        6144  startup.o(.bss)
    tab                                      0x20004618   Data          34  weight.o(.bss)
    thread_Weight                            0x20004a3c   Data         128  weight.o(.bss)
    __initial_sp                             0x200052c0   Data           0  startup_nuc472_442.o(STACK)



==============================================================================

Memory Map of the image

  Image Entry point : 0x00000279

  Load Region LR_IROM1 (Base: 0x00000000, Size: 0x000059fc, Max: 0x00080000, ABSOLUTE, COMPRESSED[0x000057a0])

    Execution Region ER_IROM1 (Base: 0x00000000, Size: 0x000056d4, Max: 0x00080000, ABSOLUTE)

    Base Addr    Size         Type   Attr      Idx    E Section Name        Object

    0x00000000   0x00000278   Data   RO         3015    RESET               startup_nuc472_442.o
    0x00000278   0x00000000   Code   RO         5732  * .ARM.Collect$$$$00000000  mc_w.l(entry.o)(mc_w.l)
    0x00000278   0x00000004   Code   RO         6046    .ARM.Collect$$$$00000001  mc_w.l(entry2.o)(mc_w.l)
    0x0000027c   0x00000004   Code   RO         6049    .ARM.Collect$$$$00000004  mc_w.l(entry5.o)(mc_w.l)
    0x00000280   0x00000008   Code   RO         6050    .ARM.Collect$$$$00000007  mc_w.l(entry7.o)(mc_w.l)
    0x00000288   0x00000004   Code   RO         6047    .ARM.Collect$$$$00002712  mc_w.l(entry2.o)(mc_w.l)
    0x0000028c   0x0000004c   Code   RO         3016    .text               startup_nuc472_442.o
    0x000002d8   0x00000110   Code   RO         5572    .text               context_rvds.o
    0x000003e8   0x00000066   Code   RO         5735    .text               mc_w.l(uldiv.o)(mc_w.l)
    0x0000044e   0x00000020   Code   RO         5737    .text               mc_w.l(llushr.o)(mc_w.l)
    0x0000046e   0x00000024   Code   RO         5739    .text               mc_w.l(memcpya.o)(mc_w.l)
    0x00000492   0x0000014a   Code   RO         6018    .text               mf_w.l(dadd.o)(mf_w.l)
    0x000005dc   0x000000e2   Code   RO         6020    .text               mf_w.l(dmul.o)(mf_w.l)
    0x000006be   0x000000de   Code   RO         6022    .text               mf_w.l(ddiv.o)(mf_w.l)
    0x0000079c   0x0000002c   Code   RO         6028    .text               mf_w.l(f2d.o)(mf_w.l)
    0x000007c8   0x0000002c   Code   RO         6051    .text               mc_w.l(uidiv.o)(mc_w.l)
    0x000007f4   0x0000001e   Code   RO         6053    .text               mc_w.l(llshl.o)(mc_w.l)
    0x00000812   0x00000024   Code   RO         6055    .text               mc_w.l(llsshr.o)(mc_w.l)
    0x00000836   0x00000000   Code   RO         6064    .text               mc_w.l(iusefp.o)(mc_w.l)
    0x00000836   0x000000c2   Code   RO         6067    .text               mf_w.l(depilogue.o)(mf_w.l)
    0x000008f8   0x00000030   Code   RO         6071    .text               mf_w.l(dfixul.o)(mf_w.l)
    0x00000928   0x00000028   Code   RO         6073    .text               mf_w.l(cdrcmple.o)(mf_w.l)
    0x00000950   0x00000024   Code   RO         6087    .text               mc_w.l(init.o)(mc_w.l)
    0x00000974   0x0000005c   Code   RO         6101    .text               mc_w.l(__dczerorl2.o)(mc_w.l)
    0x000009d0   0x00000334   Code   RO         3091    i.ADE7878Cfg        ade7878.o
    0x00000d04   0x0000003c   Code   RO         3092    i.ADE7878PSM0       ade7878.o
    0x00000d40   0x0000006c   Code   RO         3093    i.ADE7878Reset      ade7878.o
    0x00000dac   0x0000002a   Code   RO         3094    i.ADE7878SPICfg     ade7878.o
    0x00000dd6   0x00000002   PAD
    0x00000dd8   0x00000058   Code   RO         3167    i.ADE7878_main      ad7878_measure.o
    0x00000e30   0x00000028   Code   RO          834    i.CLK_EnableModuleClock  clk.o
    0x00000e58   0x00000018   Code   RO          836    i.CLK_EnableXtalRC  clk.o
    0x00000e70   0x00000010   Code   RO          838    i.CLK_GetHCLKFreq   clk.o
    0x00000e80   0x0000006c   Code   RO          842    i.CLK_GetPLLClockFreq  clk.o
    0x00000eec   0x00000038   Code   RO          846    i.CLK_SetHCLK       clk.o
    0x00000f24   0x00000064   Code   RO          847    i.CLK_SetModuleClock  clk.o
    0x00000f88   0x00000028   Code   RO          850    i.CLK_WaitClockReady  clk.o
    0x00000fb0   0x0000001c   Code   RO         5612    i.ConfigHWADCHX711  weight.o
    0x00000fcc   0x0000005c   Code   RO         5613    i.ConfigHWPwm0      weight.o
    0x00001028   0x0000006c   Code   RO          243    i.ConfigHWSpiport   config.o
    0x00001094   0x00000024   Code   RO         5614    i.ConfigHW_IR_IRQ   weight.o
    0x000010b8   0x00000034   Code   RO          244    i.ConfigHWled       config.o
    0x000010ec   0x00000080   Code   RO         5615    i.ConfigSWTimr1     weight.o
    0x0000116c   0x0000006c   Code   RO         3134    i.Config_ADE7878_IRQ  ade7878_int.o
    0x000011d8   0x00000012   Code   RO         3022    i.Delay             ade7878_spi.o
    0x000011ea   0x00000014   Code   RO          290    i.Delay_nms         ds12864.o
    0x000011fe   0x00000002   PAD
    0x00001200   0x0000004c   Code   RO          291    i.Display_Task      ds12864.o
    0x0000124c   0x00000004   Code   RO         3196    i.EnterCriticalSection  port.o
    0x00001250   0x00000004   Code   RO         3197    i.ExitCriticalSection  port.o
    0x00001254   0x000000c4   Code   RO         3135    i.GPB_IRQHandler    ade7878_int.o
    0x00001318   0x0000001a   Code   RO         1480    i.GPIO_EnableInt    gpio.o
    0x00001332   0x0000002c   Code   RO         1481    i.GPIO_SetMode      gpio.o
    0x0000135e   0x00000002   PAD
    0x00001360   0x00000030   Code   RO         4217    i.I2C3_IRQHandler   eeprom_low.o
    0x00001390   0x0000000a   Code   RO         1513    i.I2C_ClearTimeoutFlag  i2c.o
    0x0000139a   0x00000002   PAD
    0x0000139c   0x0000001c   Code   RO          292    i.Init12864         ds12864.o
    0x000013b8   0x00000044   Code   RO          294    i.LCD_Setaddress    ds12864.o
    0x000013fc   0x0000002c   Code   RO          298    i.LCD_init          ds12864.o
    0x00001428   0x00000044   Code   RO          299    i.LCD_sendbyte      ds12864.o
    0x0000146c   0x00000024   Code   RO          300    i.LCD_write_com     ds12864.o
    0x00001490   0x00000024   Code   RO          302    i.LCD_write_dat     ds12864.o
    0x000014b4   0x00000018   Code   RO         3318    i.NVIC_EnableIRQ    porttimer.o
    0x000014cc   0x00000018   Code   RO         5617    i.NVIC_EnableIRQ    weight.o
    0x000014e4   0x00000028   Code   RO         3319    i.NVIC_SetPriority  porttimer.o
    0x0000150c   0x00000050   Code   RO         5618    i.PWM0CH0_IRQHandler  weight.o
    0x0000155c   0x00000008   Code   RO         1842    i.PWM_ClearPeriodIntFlag  pwm.o
    0x00001564   0x00000448   Code   RO         1844    i.PWM_ConfigOutputChannel  pwm.o
    0x000019ac   0x00000008   Code   RO         1851    i.PWM_DisableOutput  pwm.o
    0x000019b4   0x00000026   Code   RO         1856    i.PWM_EnableDeadZone  pwm.o
    0x000019da   0x00000008   Code   RO         1860    i.PWM_EnableOutput  pwm.o
    0x000019e2   0x00000008   Code   RO         1868    i.PWM_Start         pwm.o
    0x000019ea   0x00000002   PAD
    0x000019ec   0x00000204   Code   RO         3168    i.PowerMeasurment   ad7878_measure.o
    0x00001bf0   0x0000006c   Code   RO         5619    i.ReadADCHX711      weight.o
    0x00001c5c   0x00000010   Code   RO         3023    i.SPIDelay          ade7878_spi.o
    0x00001c6c   0x0000008c   Code   RO         3025    i.SPIRead2Bytes     ade7878_spi.o
    0x00001cf8   0x0000009c   Code   RO         3026    i.SPIRead4Bytes     ade7878_spi.o
    0x00001d94   0x0000004c   Code   RO         3027    i.SPIWrite1Byte     ade7878_spi.o
    0x00001de0   0x00000058   Code   RO         3028    i.SPIWrite2Bytes    ade7878_spi.o
    0x00001e38   0x00000068   Code   RO         3029    i.SPIWrite4Bytes    ade7878_spi.o
    0x00001ea0   0x0000000a   Code   RO         2527    i.SPI_ClearRxFIFO   spi.o
    0x00001eaa   0x0000000a   Code   RO         2530    i.SPI_DisableAutoSS  spi.o
    0x00001eb4   0x00000058   Code   RO         2535    i.SPI_Open          spi.o
    0x00001f0c   0x00000024   Code   RO          245    i.SYS_Config        config.o
    0x00001f30   0x00000054   Code   RO            3    i.SYS_Init          main.o
    0x00001f84   0x0000002c   Code   RO         2620    i.SYS_UnlockReg     sys.o
    0x00001fb0   0x00000044   Code   RO            4    i.SetSysTick        main.o
    0x00001ff4   0x00000040   Code   RO          303    i.Set_Irms2Display  ds12864.o
    0x00002034   0x00000040   Code   RO          304    i.Set_Vrms2Display  ds12864.o
    0x00002074   0x00000040   Code   RO          305    i.Set_Watt2Display  ds12864.o
    0x000020b4   0x00000040   Code   RO          306    i.Set_Watthr2Display  ds12864.o
    0x000020f4   0x00000020   Code   RO            5    i.SysTick_Handler   main.o
    0x00002114   0x0000005c   Code   RO         2982    i.SystemCoreClockUpdate  system_nuc472_442.o
    0x00002170   0x00000018   Code   RO         2983    i.SystemInit        system_nuc472_442.o
    0x00002188   0x00000008   Code   RO         2917    i.TIMER_Close       timer_nuc.o
    0x00002190   0x0000000a   Code   RO         3320    i.TIMER_EnableInt   porttimer.o
    0x0000219a   0x00000002   PAD
    0x0000219c   0x00000088   Code   RO         2923    i.TIMER_GetModuleClock  timer_nuc.o
    0x00002224   0x00000062   Code   RO         2924    i.TIMER_Open        timer_nuc.o
    0x00002286   0x0000000a   Code   RO         3321    i.TIMER_Stop        porttimer.o
    0x00002290   0x0000004c   Code   RO         3322    i.TMR0_IRQHandler   porttimer.o
    0x000022dc   0x00000020   Code   RO         5620    i.TMR1_IRQHandler   weight.o
    0x000022fc   0x00000024   Code   RO         3252    i.UART3_IRQHandler  portserial.o
    0x00002320   0x0000000a   Code   RO         2699    i.UART_DisableFlowCtrl  uart.o
    0x0000232a   0x00000008   Code   RO         2700    i.UART_DisableInt   uart.o
    0x00002332   0x00000008   Code   RO         2702    i.UART_EnableInt    uart.o
    0x0000233a   0x00000002   PAD
    0x0000233c   0x00000080   Code   RO         2703    i.UART_Open         uart.o
    0x000023bc   0x00000014   Code   RO         5621    i.UpdataWeight      weight.o
    0x000023d0   0x00000028   Code   RO         5992    i.__0sprintf        mc_w.l(printfa.o)(mc_w.l)
    0x000023f8   0x0000004c   Code   RO         4725    i.__rt_ffs          kservice.o
    0x00002444   0x0000000e   Code   RO         6095    i.__scatterload_copy  mc_w.l(handlers.o)(mc_w.l)
    0x00002452   0x00000002   Code   RO         6096    i.__scatterload_null  mc_w.l(handlers.o)(mc_w.l)
    0x00002454   0x0000000e   Code   RO         6097    i.__scatterload_zeroinit  mc_w.l(handlers.o)(mc_w.l)
    0x00002462   0x00000002   PAD
    0x00002464   0x00000154   Code   RO         5997    i._fp_digits        mc_w.l(printfa.o)(mc_w.l)
    0x000025b8   0x000006d4   Code   RO         5998    i._printf_core      mc_w.l(printfa.o)(mc_w.l)
    0x00002c8c   0x00000026   Code   RO         5999    i._printf_post_padding  mc_w.l(printfa.o)(mc_w.l)
    0x00002cb2   0x0000002e   Code   RO         6000    i._printf_pre_padding  mc_w.l(printfa.o)(mc_w.l)
    0x00002ce0   0x00000036   Code   RO         5121    i._rt_scheduler_stack_check  scheduler.o
    0x00002d16   0x00000002   PAD
    0x00002d18   0x000000a8   Code   RO         5205    i._rt_thread_init   thread.o
    0x00002dc0   0x00000042   Code   RO         5319    i._rt_timer_init    timer.o
    0x00002e02   0x0000002e   Code   RO         5320    i._rt_timer_remove  timer.o
    0x00002e30   0x0000000a   Code   RO         6002    i._sputc            mc_w.l(printfa.o)(mc_w.l)
    0x00002e3a   0x00000002   PAD
    0x00002e3c   0x0000002c   Code   RO         3531    i.crc_ccitt         mbcrc.o
    0x00002e68   0x0000000c   Code   RO         5622    i.delayp            weight.o
    0x00002e74   0x00000096   Code   RO         3680    i.eBTFuncReadHoldingRegister  btfunc.o
    0x00002f0a   0x00000002   PAD
    0x00002f0c   0x00000028   Code   RO         3711    i.eMBEnable         mb.o
    0x00002f34   0x0000008c   Code   RO         3581    i.eMBFuncReadHoldingRegister  mbfuncholding.o
    0x00002fc0   0x000000d4   Code   RO         3582    i.eMBFuncReadWriteMultipleHoldingRegister  mbfuncholding.o
    0x00003094   0x00000028   Code   RO         3613    i.eMBFuncReportSlaveID  mbfuncother.o
    0x000030bc   0x00000042   Code   RO         3583    i.eMBFuncWriteHoldingRegister  mbfuncholding.o
    0x000030fe   0x00000002   PAD
    0x00003100   0x000000e0   Code   RO         3712    i.eMBInit           mb.o
    0x000031e0   0x000001e0   Code   RO         3713    i.eMBPoll           mb.o
    0x000033c0   0x00000058   Code   RO         3449    i.eMBRTUInit        mbrtu.o
    0x00003418   0x0000006c   Code   RO         3450    i.eMBRTUReceive     mbrtu.o
    0x00003484   0x00000090   Code   RO         3451    i.eMBRTUSend        mbrtu.o
    0x00003514   0x00000024   Code   RO         3452    i.eMBRTUStart       mbrtu.o
    0x00003538   0x00000018   Code   RO         3453    i.eMBRTUStop        mbrtu.o
    0x00003550   0x000000cc   Code   RO         3391    i.eMBRegHoldingCB   user_mb_app.o
    0x0000361c   0x00000038   Code   RO         5623    i.init_Weight_thread  weight.o
    0x00003654   0x0000000e   Code   RO         5513    i.main              startup.o
    0x00003662   0x00000002   PAD
    0x00003664   0x000000d4   Code   RO         3454    i.peBTFrameSendCur  mbrtu.o
    0x00003738   0x000000ac   Code   RO         4877    i.plug_holes        mem.o
    0x000037e4   0x00000016   Code   RO          308    i.print             ds12864.o
    0x000037fa   0x00000022   Code   RO         3646    i.prveMBError2Exception  mbutils.o
    0x0000381c   0x00000010   Code   RO         3323    i.prvvTIMERExpiredISR  porttimer.o
    0x0000382c   0x00000010   Code   RO         3253    i.prvvUARTRxISR     portserial.o
    0x0000383c   0x00000010   Code   RO         3254    i.prvvUARTTxReadyISR  portserial.o
    0x0000384c   0x00000048   Code   RO         5624    i.read_byte         weight.o
    0x00003894   0x000000ac   Code   RO         5474    i.rt_application_init  application.o
    0x00003940   0x00000044   Code   RO         4309    i.rt_device_init_all  device.o
    0x00003984   0x000000fc   Code   RO         4879    i.rt_free           mem.o
    0x00003a80   0x00000010   Code   RO         5446    i.rt_hw_board_init  board.o
    0x00003a90   0x00000024   Code   RO         5541    i.rt_hw_hard_fault_exception  cpuport.o
    0x00003ab4   0x00000044   Code   RO         5542    i.rt_hw_stack_init  cpuport.o
    0x00003af8   0x00000030   Code   RO         5475    i.rt_init_thread_entry  application.o
    0x00003b28   0x00000024   Code   RO         4698    i.rt_interrupt_enter  irq.o
    0x00003b4c   0x0000000c   Code   RO         4699    i.rt_interrupt_get_nest  irq.o
    0x00003b58   0x00000024   Code   RO         4700    i.rt_interrupt_leave  irq.o
    0x00003b7c   0x00000018   Code   RO         4432    i.rt_ipc_list_resume  ipc.o
    0x00003b94   0x0000006c   Code   RO         4434    i.rt_ipc_list_suspend  ipc.o
    0x00003c00   0x00000010   Code   RO         4435    i.rt_ipc_object_init  ipc.o
    0x00003c10   0x00000006   Code   RO         4436    i.rt_list_init      ipc.o
    0x00003c16   0x00000006   Code   RO         5125    i.rt_list_init      scheduler.o
    0x00003c1c   0x00000006   Code   RO         5321    i.rt_list_init      timer.o
    0x00003c22   0x0000000e   Code   RO         5020    i.rt_list_insert_after  object.o
    0x00003c30   0x0000000e   Code   RO         5206    i.rt_list_insert_after  thread.o
    0x00003c3e   0x0000000e   Code   RO         5322    i.rt_list_insert_after  timer.o
    0x00003c4c   0x0000000e   Code   RO         4437    i.rt_list_insert_before  ipc.o
    0x00003c5a   0x00000010   Code   RO         4384    i.rt_list_isempty   idle.o
    0x00003c6a   0x00000010   Code   RO         4438    i.rt_list_isempty   ipc.o
    0x00003c7a   0x00000010   Code   RO         5323    i.rt_list_isempty   timer.o
    0x00003c8a   0x00000012   Code   RO         5021    i.rt_list_remove    object.o
    0x00003c9c   0x00000012   Code   RO         5207    i.rt_list_remove    thread.o
    0x00003cae   0x00000002   PAD
    0x00003cb0   0x00000210   Code   RO         4881    i.rt_malloc         mem.o
    0x00003ec0   0x00000048   Code   RO         4734    i.rt_memset         kservice.o
    0x00003f08   0x00000084   Code   RO         5022    i.rt_object_allocate  object.o
    0x00003f8c   0x00000054   Code   RO         5024    i.rt_object_delete  object.o
    0x00003fe0   0x0000003c   Code   RO         5025    i.rt_object_detach  object.o
    0x0000401c   0x00000054   Code   RO         5029    i.rt_object_init    object.o
    0x00004070   0x0000001e   Code   RO         5030    i.rt_object_is_systemobject  object.o
    0x0000408e   0x00000002   PAD
    0x00004090   0x000000a0   Code   RO         5126    i.rt_schedule       scheduler.o
    0x00004130   0x00000058   Code   RO         5127    i.rt_schedule_insert_thread  scheduler.o
    0x00004188   0x00000064   Code   RO         5128    i.rt_schedule_remove_thread  scheduler.o
    0x000041ec   0x00000032   Code   RO         4466    i.rt_sem_init       ipc.o
    0x0000421e   0x00000002   PAD
    0x00004220   0x00000054   Code   RO         4467    i.rt_sem_release    ipc.o
    0x00004274   0x000000fc   Code   RO         4468    i.rt_sem_take       ipc.o
    0x00004370   0x00000002   Code   RO         4736    i.rt_show_version   kservice.o
    0x00004372   0x00000034   Code   RO         4744    i.rt_strncpy        kservice.o
    0x000043a6   0x00000002   PAD
    0x000043a8   0x000000d4   Code   RO         4885    i.rt_system_heap_init  mem.o
    0x0000447c   0x00000002   Code   RO         5034    i.rt_system_object_init  object.o
    0x0000447e   0x00000002   PAD
    0x00004480   0x00000050   Code   RO         5130    i.rt_system_scheduler_init  scheduler.o
    0x000044d0   0x00000030   Code   RO         5131    i.rt_system_scheduler_start  scheduler.o
    0x00004500   0x00000002   Code   RO         4267    i.rt_system_tick_init  clock.o
    0x00004502   0x00000002   PAD
    0x00004504   0x0000001c   Code   RO         5324    i.rt_system_timer_init  timer.o
    0x00004520   0x00000002   Code   RO         5325    i.rt_system_timer_thread_init  timer.o
    0x00004522   0x00000054   Code   RO         5209    i.rt_thread_create  thread.o
    0x00004576   0x0000000c   Code   RO         5210    i.rt_thread_delay   thread.o
    0x00004582   0x00000002   PAD
    0x00004584   0x0000002c   Code   RO         5476    i.rt_thread_entry_PowerMeasurment  application.o
    0x000045b0   0x00000024   Code   RO         5477    i.rt_thread_entry_Rs485comm  application.o
    0x000045d4   0x0000013c   Code   RO         5625    i.rt_thread_entry_Weight  weight.o
    0x00004710   0x00000054   Code   RO         5213    i.rt_thread_exit    thread.o
    0x00004764   0x00000018   Code   RO         4385    i.rt_thread_idle_entry  idle.o
    0x0000477c   0x0000009c   Code   RO         4386    i.rt_thread_idle_excute  idle.o
    0x00004818   0x00000038   Code   RO         4387    i.rt_thread_idle_init  idle.o
    0x00004850   0x0000004a   Code   RO         5215    i.rt_thread_init    thread.o
    0x0000489a   0x0000004c   Code   RO         5216    i.rt_thread_resume  thread.o
    0x000048e6   0x00000002   PAD
    0x000048e8   0x0000000c   Code   RO         5217    i.rt_thread_self    thread.o
    0x000048f4   0x0000004c   Code   RO         5218    i.rt_thread_sleep   thread.o
    0x00004940   0x00000058   Code   RO         5219    i.rt_thread_startup  thread.o
    0x00004998   0x00000042   Code   RO         5220    i.rt_thread_suspend  thread.o
    0x000049da   0x0000003e   Code   RO         5221    i.rt_thread_timeout  thread.o
    0x00004a18   0x00000060   Code   RO         5222    i.rt_thread_yield   thread.o
    0x00004a78   0x0000000c   Code   RO         4269    i.rt_tick_get       clock.o
    0x00004a84   0x00000030   Code   RO         4270    i.rt_tick_increase  clock.o
    0x00004ab4   0x0000009c   Code   RO         5326    i.rt_timer_check    timer.o
    0x00004b50   0x00000046   Code   RO         5327    i.rt_timer_control  timer.o
    0x00004b96   0x0000002c   Code   RO         5331    i.rt_timer_detach   timer.o
    0x00004bc2   0x0000003a   Code   RO         5333    i.rt_timer_init     timer.o
    0x00004bfc   0x00000120   Code   RO         5336    i.rt_timer_start    timer.o
    0x00004d1c   0x00000054   Code   RO         5337    i.rt_timer_stop     timer.o
    0x00004d70   0x00000040   Code   RO         5514    i.rtthread_startup  startup.o
    0x00004db0   0x00000004   Code   RO         3393    i.ucMBMasterGetDestAddress  user_mb_app.o
    0x00004db4   0x00000038   Code   RO         3532    i.usMBCRC16         mbcrc.o
    0x00004dec   0x00000034   Code   RO         3256    i.vMBPortSerialEnable  portserial.o
    0x00004e20   0x00000028   Code   RO         3324    i.vMBPortTimersDisable  porttimer.o
    0x00004e48   0x00000050   Code   RO         3325    i.vMBPortTimersEnable  porttimer.o
    0x00004e98   0x00000004   Code   RO         3394    i.xMBMasterGetCBRunInMasterMode  user_mb_app.o
    0x00004e9c   0x00000024   Code   RO         3217    i.xMBPortEventGet   portevent.o
    0x00004ec0   0x00000010   Code   RO         3218    i.xMBPortEventInit  portevent.o
    0x00004ed0   0x00000018   Code   RO         3219    i.xMBPortEventPost  portevent.o
    0x00004ee8   0x00000010   Code   RO         3257    i.xMBPortSerialGetByte  portserial.o
    0x00004ef8   0x000000b4   Code   RO         3258    i.xMBPortSerialInit  portserial.o
    0x00004fac   0x00000010   Code   RO         3259    i.xMBPortSerialPutByte  portserial.o
    0x00004fbc   0x00000060   Code   RO         3326    i.xMBPortTimersInit  porttimer.o
    0x0000501c   0x00000088   Code   RO         3455    i.xMBRTUReceiveFSM  mbrtu.o
    0x000050a4   0x00000040   Code   RO         3456    i.xMBRTUTimerT35Expired  mbrtu.o
    0x000050e4   0x0000006c   Code   RO         3457    i.xMBRTUTransmitFSM  mbrtu.o
    0x00005150   0x00000020   Data   RO         2710    .constdata          uart.o
    0x00005170   0x00000020   Data   RO         2925    .constdata          timer_nuc.o
    0x00005190   0x00000400   Data   RO         3533    .constdata          mbcrc.o
    0x00005590   0x00000122   Data   RO         4749    .constdata          kservice.o
    0x000056b2   0x00000002   PAD
    0x000056b4   0x00000020   Data   RO         6093    Region$$Table       anon$$obj.o


    Execution Region RW_IRAM1 (Base: 0x20000000, Size: 0x000052c0, Max: 0x00010000, ABSOLUTE, COMPRESSED[0x000000cc])

    Base Addr    Size         Type   Attr      Idx    E Section Name        Object

    0x20000000   0x0000000c   Data   RW            7    .data               main.o
    0x2000000c   0x0000006c   Data   RW          311    .data               ds12864.o
    0x20000078   0x0000002c   Data   RW         2984    .data               system_nuc472_442.o
    0x200000a4   0x00000005   Data   RW         3030    .data               ade7878_spi.o
    0x200000a9   0x00000003   PAD
    0x200000ac   0x0000002c   Data   RW         3170    .data               ad7878_measure.o
    0x200000d8   0x00000002   Data   RW         3220    .data               portevent.o
    0x200000da   0x00000002   PAD
    0x200000dc   0x0000000e   Data   RW         3327    .data               porttimer.o
    0x200000ea   0x0000001a   Data   RW         3396    .data               user_mb_app.o
    0x20000104   0x00000010   Data   RW         3459    .data               mbrtu.o
    0x20000114   0x00000006   Data   RW         3616    .data               mbfuncother.o
    0x2000011a   0x00000002   PAD
    0x2000011c   0x000000b8   Data   RW         3715    .data               mb.o
    0x200001d4   0x00000012   Data   RW         4222    .data               eeprom_low.o
    0x200001e6   0x00000002   PAD
    0x200001e8   0x00000004   Data   RW         4272    .data               clock.o
    0x200001ec   0x00000004   Data   RW         4390    .data               idle.o
    0x200001f0   0x00000001   Data   RW         4701    .data               irq.o
    0x200001f1   0x00000003   PAD
    0x200001f4   0x00000020   Data   RW         4887    .data               mem.o
    0x20000214   0x000000a4   Data   RW         5035    .data               object.o
    0x200002b8   0x0000001c   Data   RW         5133    .data               scheduler.o
    0x200002d4   0x00000010   Data   RW         5339    .data               timer.o
    0x200002e4   0x00000010   Data   RW         5543    .data               cpuport.o
    0x200002f4   0x00000033   Data   RW         5627    .data               weight.o
    0x20000327   0x00000001   PAD
    0x20000328   0x00001b30   Zero   RW         3395    .bss                user_mb_app.o
    0x20001e58   0x00000100   Zero   RW         3458    .bss                mbrtu.o
    0x20001f58   0x00000020   Zero   RW         3615    .bss                mbfuncother.o
    0x20001f78   0x00000480   Zero   RW         4389    .bss                idle.o
    0x200023f8   0x00000020   Zero   RW         4886    .bss                mem.o
    0x20002418   0x00000100   Zero   RW         5132    .bss                scheduler.o
    0x20002518   0x00000900   Zero   RW         5478    .bss                application.o
    0x20002e18   0x00001800   Zero   RW         5515    .bss                startup.o
    0x20004618   0x000004a4   Zero   RW         5626    .bss                weight.o
    0x20004abc   0x00000004   PAD
    0x20004ac0   0x00000800   Zero   RW         3013    STACK               startup_nuc472_442.o


==============================================================================

Image component sizes


      Code (inc. data)   RO Data    RW Data    ZI Data      Debug   Object Name

         0          0          0          0          0          0   acmp.o
       604         38          0         44          0          0   ad7878_measure.o
      1030         56          0          0          0          0   ade7878.o
       304         36          0          0          0          0   ade7878_int.o
       598         56          0          5          0          0   ade7878_spi.o
       300         78          0          0       2304          0   application.o
        16          0          0          0          0          0   board.o
       150          0          0          0          0          0   btfunc.o
       384         44          0          0          0          0   clk.o
        62         12          0          4          0          0   clock.o
       196         26          0          0          0          0   config.o
       272         24          0          0          0          0   context_rvds.o
       104         10          0         16          0          0   cpuport.o
        68          6          0          0          0          0   device.o
       654        102          0        108          0          0   ds12864.o
        48         10          0         18          0          0   eeprom_low.o
        70          0          0          0          0          0   gpio.o
        10          0          0          0          0          0   i2c.o
       252         32          0          4       1152          0   idle.o
       570         12          0          0          0          0   ipc.o
        84         18          0          1          0          0   irq.o
       202          4        290          0          0          0   kservice.o
       184         24          0         12          0          0   main.o
       744        128          0        184          0          0   mb.o
       100         12       1024          0          0          0   mbcrc.o
       418          0          0          0          0          0   mbfuncholding.o
        40         10          0          6         32          0   mbfuncother.o
       920         90          0         16        256          0   mbrtu.o
        34          0          0          0          0          0   mbutils.o
      1164        104          0         32         32          0   mem.o
       424         26          0        164          0          0   object.o
         8          0          0          0          0          0   port.o
        76         24          0          2          0          0   portevent.o
       332         52          0          0          0          0   portserial.o
       392         70          0         14          0          0   porttimer.o
      1166         22          0          0          0          0   pwm.o
       536         80          0         28        256          0   scheduler.o
       108          0          0          0          0          0   spi.o
        78          8          0          0       6144          0   startup.o
        76         16        632          0       2048          0   startup_nuc472_442.o
        44          6          0          0          0          0   sys.o
       116         28          0         44          0          0   system_nuc472_442.o
       930         36          0          0          0          0   thread.o
       878         30          0         16          0          0   timer.o
       242         24         32          0          0          0   timer_nuc.o
       154         10         32          0          0          0   uart.o
       212         16          0         26       6960          0   user_mb_app.o
      1004        154          0         51       1188          0   weight.o

    ----------------------------------------------------------------------
     16396       1534       2044        808      20376          0   Object Totals
         0          0         32          0          0          0   (incl. Generated)
        38          0          2         13          4          3   (incl. Padding)

    ----------------------------------------------------------------------

      Code (inc. data)   RO Data    RW Data    ZI Data      Debug   Library Member Name

        92          0          0          0          0          0   __dczerorl2.o
         0          0          0          0          0          0   entry.o
         8          4          0          0          0          0   entry2.o
         4          0          0          0          0          0   entry5.o
         8          4          0          0          0          0   entry7.o
        30          0          0          0          0          0   handlers.o
        36          8          0          0          0          0   init.o
         0          0          0          0          0          0   iusefp.o
        30          0          0          0          0          0   llshl.o
        36          0          0          0          0          0   llsshr.o
        32          0          0          0          0          0   llushr.o
        36          0          0          0          0          0   memcpya.o
      2222         88          0          0          0          0   printfa.o
        44          0          0          0          0          0   uidiv.o
       102          0          0          0          0          0   uldiv.o
        40          2          0          0          0          0   cdrcmple.o
       330          0          0          0          0          0   dadd.o
       222          0          0          0          0          0   ddiv.o
       194          0          0          0          0          0   depilogue.o
        48          0          0          0          0          0   dfixul.o
       226          0          0          0          0          0   dmul.o
        44          0          0          0          0          0   f2d.o

    ----------------------------------------------------------------------
      3788        106          0          0          0          0   Library Totals
         4          0          0          0          0          0   (incl. Padding)

    ----------------------------------------------------------------------

      Code (inc. data)   RO Data    RW Data    ZI Data      Debug   Library Name

      2680        104          0          0          0       1040   mc_w.l
      1104          2          0          0          0        732   mf_w.l

    ----------------------------------------------------------------------
      3788        106          0          0          0          0   Library Totals

    ----------------------------------------------------------------------

==============================================================================


      Code (inc. data)   RO Data    RW Data    ZI Data      Debug   

     20184       1640       2044        808      20376     868160   Grand Totals
     20184       1640       2044        204      20376     868160   ELF Image Totals (compressed)
     20184       1640       2044        204          0          0   ROM Totals

==============================================================================

    Total RO  Size (Code + RO Data)                22228 (  21.71kB)
    Total RW  Size (RW Data + ZI Data)             21184 (  20.69kB)
    Total ROM Size (Code + RO Data + RW Data)      22432 (  21.91kB)

==============================================================================

